Archive member included to satisfy reference by file (symbol)

c:/program files (x86)/gnu arm embedded toolchain/10 2021.10/bin/../lib/gcc/arm-none-eabi/10.3.1/../../../../arm-none-eabi/lib/thumb/nofp/libc.a(lib_a-memcpy-stub.o)
                              gcc/queue.o (memcpy)
c:/program files (x86)/gnu arm embedded toolchain/10 2021.10/bin/../lib/gcc/arm-none-eabi/10.3.1/../../../../arm-none-eabi/lib/thumb/nofp/libc.a(lib_a-memset.o)
                              gcc/tasks.o (memset)
c:/program files (x86)/gnu arm embedded toolchain/10 2021.10/bin/../lib/gcc/arm-none-eabi/10.3.1/../../../../arm-none-eabi/lib/thumb/nofp/libc.a(lib_a-strcpy.o)
                              gcc/tasks.o (strcpy)
c:/program files (x86)/gnu arm embedded toolchain/10 2021.10/bin/../lib/gcc/arm-none-eabi/10.3.1/../../../../arm-none-eabi/lib/thumb/nofp/libc.a(lib_a-strlen-stub.o)
                              gcc/FreeRTOS_CLI.o (strlen)
c:/program files (x86)/gnu arm embedded toolchain/10 2021.10/bin/../lib/gcc/arm-none-eabi/10.3.1/../../../../arm-none-eabi/lib/thumb/nofp/libc.a(lib_a-strncmp.o)
                              gcc/FreeRTOS_CLI.o (strncmp)
c:/program files (x86)/gnu arm embedded toolchain/10 2021.10/bin/../lib/gcc/arm-none-eabi/10.3.1/../../../../arm-none-eabi/lib/thumb/nofp/libc.a(lib_a-strncpy.o)
                              gcc/FreeRTOS_CLI.o (strncpy)

Discarded input sections

 .data          0x00000000        0x0 gcc/startup.o
 .data          0x00000000        0x0 gcc/main.o
 .bss           0x00000000        0x0 gcc/main.o
 .text          0x00000000      0x1b8 gcc/FreeRTOS_CLI.o
 .data          0x00000000        0xc gcc/FreeRTOS_CLI.o
 .bss           0x00000000      0x3f0 gcc/FreeRTOS_CLI.o
 .rodata.str1.4
                0x00000000       0xe0 gcc/FreeRTOS_CLI.o
 .rodata        0x00000000       0x10 gcc/FreeRTOS_CLI.o
 .debug_info    0x00000000      0x58c gcc/FreeRTOS_CLI.o
 .debug_abbrev  0x00000000      0x218 gcc/FreeRTOS_CLI.o
 .debug_loc     0x00000000      0x50c gcc/FreeRTOS_CLI.o
 .debug_aranges
                0x00000000       0x20 gcc/FreeRTOS_CLI.o
 .debug_ranges  0x00000000       0x18 gcc/FreeRTOS_CLI.o
 .debug_line    0x00000000      0x553 gcc/FreeRTOS_CLI.o
 .debug_str     0x00000000      0x494 gcc/FreeRTOS_CLI.o
 .comment       0x00000000       0x4a gcc/FreeRTOS_CLI.o
 .debug_frame   0x00000000       0x8c gcc/FreeRTOS_CLI.o
 .ARM.attributes
                0x00000000       0x2d gcc/FreeRTOS_CLI.o
 .data          0x00000000        0x0 gcc/CLI.o
 .data          0x00000000        0x0 gcc/list.o
 .bss           0x00000000        0x0 gcc/list.o
 .data          0x00000000        0x0 gcc/queue.o
 .bss           0x00000000        0x0 gcc/queue.o
 .data          0x00000000        0x0 gcc/heap_1.o
 .rodata        0x00000000        0x8 gcc/snake_game.o
 .data          0x00000000        0x0 gcc/uart.o
 .bss           0x00000000        0x0 gcc/uart.o
 .text          0x00000000        0x0 c:/program files (x86)/gnu arm embedded toolchain/10 2021.10/bin/../lib/gcc/arm-none-eabi/10.3.1/../../../../arm-none-eabi/lib/thumb/nofp/libc.a(lib_a-memcpy-stub.o)
 .data          0x00000000        0x0 c:/program files (x86)/gnu arm embedded toolchain/10 2021.10/bin/../lib/gcc/arm-none-eabi/10.3.1/../../../../arm-none-eabi/lib/thumb/nofp/libc.a(lib_a-memcpy-stub.o)
 .bss           0x00000000        0x0 c:/program files (x86)/gnu arm embedded toolchain/10 2021.10/bin/../lib/gcc/arm-none-eabi/10.3.1/../../../../arm-none-eabi/lib/thumb/nofp/libc.a(lib_a-memcpy-stub.o)
 .text          0x00000000        0x0 c:/program files (x86)/gnu arm embedded toolchain/10 2021.10/bin/../lib/gcc/arm-none-eabi/10.3.1/../../../../arm-none-eabi/lib/thumb/nofp/libc.a(lib_a-memset.o)
 .data          0x00000000        0x0 c:/program files (x86)/gnu arm embedded toolchain/10 2021.10/bin/../lib/gcc/arm-none-eabi/10.3.1/../../../../arm-none-eabi/lib/thumb/nofp/libc.a(lib_a-memset.o)
 .bss           0x00000000        0x0 c:/program files (x86)/gnu arm embedded toolchain/10 2021.10/bin/../lib/gcc/arm-none-eabi/10.3.1/../../../../arm-none-eabi/lib/thumb/nofp/libc.a(lib_a-memset.o)
 .text          0x00000000        0x0 c:/program files (x86)/gnu arm embedded toolchain/10 2021.10/bin/../lib/gcc/arm-none-eabi/10.3.1/../../../../arm-none-eabi/lib/thumb/nofp/libc.a(lib_a-strcpy.o)
 .data          0x00000000        0x0 c:/program files (x86)/gnu arm embedded toolchain/10 2021.10/bin/../lib/gcc/arm-none-eabi/10.3.1/../../../../arm-none-eabi/lib/thumb/nofp/libc.a(lib_a-strcpy.o)
 .bss           0x00000000        0x0 c:/program files (x86)/gnu arm embedded toolchain/10 2021.10/bin/../lib/gcc/arm-none-eabi/10.3.1/../../../../arm-none-eabi/lib/thumb/nofp/libc.a(lib_a-strcpy.o)
 .text          0x00000000        0x0 c:/program files (x86)/gnu arm embedded toolchain/10 2021.10/bin/../lib/gcc/arm-none-eabi/10.3.1/../../../../arm-none-eabi/lib/thumb/nofp/libc.a(lib_a-strlen-stub.o)
 .data          0x00000000        0x0 c:/program files (x86)/gnu arm embedded toolchain/10 2021.10/bin/../lib/gcc/arm-none-eabi/10.3.1/../../../../arm-none-eabi/lib/thumb/nofp/libc.a(lib_a-strlen-stub.o)
 .bss           0x00000000        0x0 c:/program files (x86)/gnu arm embedded toolchain/10 2021.10/bin/../lib/gcc/arm-none-eabi/10.3.1/../../../../arm-none-eabi/lib/thumb/nofp/libc.a(lib_a-strlen-stub.o)
 .text          0x00000000        0x0 c:/program files (x86)/gnu arm embedded toolchain/10 2021.10/bin/../lib/gcc/arm-none-eabi/10.3.1/../../../../arm-none-eabi/lib/thumb/nofp/libc.a(lib_a-strncmp.o)
 .data          0x00000000        0x0 c:/program files (x86)/gnu arm embedded toolchain/10 2021.10/bin/../lib/gcc/arm-none-eabi/10.3.1/../../../../arm-none-eabi/lib/thumb/nofp/libc.a(lib_a-strncmp.o)
 .bss           0x00000000        0x0 c:/program files (x86)/gnu arm embedded toolchain/10 2021.10/bin/../lib/gcc/arm-none-eabi/10.3.1/../../../../arm-none-eabi/lib/thumb/nofp/libc.a(lib_a-strncmp.o)
 .text.strncmp  0x00000000       0x78 c:/program files (x86)/gnu arm embedded toolchain/10 2021.10/bin/../lib/gcc/arm-none-eabi/10.3.1/../../../../arm-none-eabi/lib/thumb/nofp/libc.a(lib_a-strncmp.o)
 .debug_frame   0x00000000       0x2c c:/program files (x86)/gnu arm embedded toolchain/10 2021.10/bin/../lib/gcc/arm-none-eabi/10.3.1/../../../../arm-none-eabi/lib/thumb/nofp/libc.a(lib_a-strncmp.o)
 .ARM.attributes
                0x00000000       0x2a c:/program files (x86)/gnu arm embedded toolchain/10 2021.10/bin/../lib/gcc/arm-none-eabi/10.3.1/../../../../arm-none-eabi/lib/thumb/nofp/libc.a(lib_a-strncmp.o)
 .text          0x00000000        0x0 c:/program files (x86)/gnu arm embedded toolchain/10 2021.10/bin/../lib/gcc/arm-none-eabi/10.3.1/../../../../arm-none-eabi/lib/thumb/nofp/libc.a(lib_a-strncpy.o)
 .data          0x00000000        0x0 c:/program files (x86)/gnu arm embedded toolchain/10 2021.10/bin/../lib/gcc/arm-none-eabi/10.3.1/../../../../arm-none-eabi/lib/thumb/nofp/libc.a(lib_a-strncpy.o)
 .bss           0x00000000        0x0 c:/program files (x86)/gnu arm embedded toolchain/10 2021.10/bin/../lib/gcc/arm-none-eabi/10.3.1/../../../../arm-none-eabi/lib/thumb/nofp/libc.a(lib_a-strncpy.o)
 .text.strncpy  0x00000000       0x74 c:/program files (x86)/gnu arm embedded toolchain/10 2021.10/bin/../lib/gcc/arm-none-eabi/10.3.1/../../../../arm-none-eabi/lib/thumb/nofp/libc.a(lib_a-strncpy.o)
 .debug_frame   0x00000000       0x30 c:/program files (x86)/gnu arm embedded toolchain/10 2021.10/bin/../lib/gcc/arm-none-eabi/10.3.1/../../../../arm-none-eabi/lib/thumb/nofp/libc.a(lib_a-strncpy.o)
 .ARM.attributes
                0x00000000       0x2a c:/program files (x86)/gnu arm embedded toolchain/10 2021.10/bin/../lib/gcc/arm-none-eabi/10.3.1/../../../../arm-none-eabi/lib/thumb/nofp/libc.a(lib_a-strncpy.o)

Memory Configuration

Name             Origin             Length             Attributes
FLASH            0x00000000         0x00010000         xr
SRAM             0x20000000         0x00002000         xrw
*default*        0x00000000         0xffffffff

Linker script and memory map


.text           0x00000000     0x37bb
 *(.isr_vector)
 .isr_vector    0x00000000       0xb8 gcc/startup.o
                0x00000000                g_pfnVectors
 *(.text*)
 .text          0x000000b8       0x68 gcc/startup.o
                0x000000be                ResetISR
 .text          0x00000120      0x144 gcc/main.o
                0x00000120                main
 .text          0x00000264      0x5b0 gcc/CLI.o
                0x00000476                sprintf
                0x000006c8                tiny_printf
                0x000006f6                vsnprintf
                0x00000718                snprintf
                0x00000746                vsprintf
                0x0000076a                mkSize
 .text          0x00000814       0x88 gcc/list.o
                0x00000814                vListInitialise
                0x0000082a                vListInitialiseItem
                0x00000830                vListInsertEnd
                0x00000846                vListInsert
                0x00000878                uxListRemove
 .text          0x0000089c      0x878 gcc/queue.o
                0x000009c2                xQueueGenericReset
                0x00000a50                xQueueGenericCreate
                0x00000aa0                xQueueGenericSend
                0x00000bc4                xQueueCreateMutex
                0x00000be8                xQueueGenericSendFromISR
                0x00000c5a                xQueueGiveFromISR
                0x00000cbe                xQueueReceive
                0x00000dcc                xQueueSemaphoreTake
                0x00000f14                xQueuePeek
                0x0000101e                xQueueReceiveFromISR
                0x0000108a                xQueuePeekFromISR
                0x000010ba                uxQueueMessagesWaiting
                0x000010cc                uxQueueSpacesAvailable
                0x000010e2                uxQueueMessagesWaitingFromISR
                0x000010e6                vQueueDelete
                0x000010ee                uxQueueGetQueueNumber
                0x000010f2                vQueueSetQueueNumber
                0x000010f6                ucQueueGetQueueType
                0x000010fc                xQueueIsQueueEmptyFromISR
                0x00001106                xQueueIsQueueFullFromISR
 .text          0x00001114     0x1748 gcc/tasks.o
                0x000011f4                xTaskCreate
                0x000013c0                eTaskGetState
                0x0000141c                vTaskPrioritySet
                0x0000150c                vTaskResume
                0x000015ac                xTaskResumeFromISR
                0x00001674                vTaskStartScheduler
                0x000016d4                vTaskEndScheduler
                0x000016f8                vTaskSuspendAll
                0x0000170c                xTaskGetTickCount
                0x00001718                xTaskGetTickCountFromISR
                0x00001724                uxTaskGetNumberOfTasks
                0x00001730                pcTaskGetName
                0x00001744                vTaskStepTick
                0x00001754                xTaskIncrementTick
                0x000018b0                xTaskResumeAll
                0x000019ec                xTaskDelayUntil
                0x00001a58                vTaskDelay
                0x00001aac                xTaskCatchUpTicks
                0x00001acc                vTaskSwitchContext
                0x00001b34                vTaskSuspend
                0x00001bf8                vTaskPlaceOnEventList
                0x00001c14                vTaskPlaceOnUnorderedEventList
                0x00001c54                xTaskRemoveFromEventList
                0x00001d2c                vTaskRemoveFromUnorderedEventList
                0x00001dd8                vTaskSetTimeOutState
                0x00001df8                vTaskInternalSetTimeOutState
                0x00001e0c                xTaskCheckForTimeOut
                0x00001e6c                vTaskMissedYield
                0x00001e7c                uxTaskGetTaskNumber
                0x00001e86                vTaskSetTaskNumber
                0x00001e8c                eTaskConfirmSleepModeStatus
                0x00001ec8                vTaskGetInfo
                0x00001fb2                uxTaskGetSystemState
                0x00002048                xTaskGetCurrentTaskHandle
                0x00002054                xTaskPriorityInherit
                0x00002118                xTaskPriorityDisinherit
                0x000021a8                vTaskPriorityDisinheritAfterTimeout
                0x0000224c                vTaskList
                0x00002338                uxTaskResetEventItemValue
                0x00002350                pvTaskIncrementMutexHeldCount
                0x0000236c                ulTaskGenericNotifyTake
                0x00002400                xTaskGenericNotifyWait
                0x000024b0                xTaskGenericNotify
                0x000025c4                xTaskGenericNotifyFromISR
                0x00002704                vTaskGenericNotifyGiveFromISR
                0x000027f4                xTaskGenericNotifyStateClear
                0x0000282c                ulTaskGenericNotifyValueClear
 *fill*         0x0000285c        0x4 
 .text          0x00002860      0x2ac gcc/port.o
                0x000028a0                pxPortInitialiseStack
                0x000028c4                vPortSVCHandler
                0x000028f4                vPortEndScheduler
                0x000028f6                vPortEnterCritical
                0x00002914                vPortExitCritical
                0x00002928                xPortPendSVHandler
                0x00002974                xPortSysTickHandler
                0x000029a0                vPortSuppressTicksAndSleep
                0x00002aa4                vPortSetupTimerInterrupt
                0x00002ad0                xPortStartScheduler
 .text          0x00002b0c       0xa4 gcc/heap_1.o
                0x00002b0c                pvPortMalloc
                0x00002b90                vPortFree
                0x00002b92                vPortInitialiseBlocks
                0x00002ba0                xPortGetFreeHeapSize
 .text          0x00002bb0      0x544 gcc/snake_game.o
                0x00002bb0                randd
                0x00002bd0                Setup
                0x00002c80                Draw
                0x00002e94                Input
                0x00002f3c                Logic
 .text          0x000030f4      0x170 gcc/uart.o
                0x000030f4                Sleep
                0x0000311a                UART0_init
                0x00003190                UART0_CharGet
                0x000031a4                UART0_CharPut
                0x000031b8                print
                0x000031ce                print_idec
 .text.memcpy   0x00003264       0xa8 c:/program files (x86)/gnu arm embedded toolchain/10 2021.10/bin/../lib/gcc/arm-none-eabi/10.3.1/../../../../arm-none-eabi/lib/thumb/nofp/libc.a(lib_a-memcpy-stub.o)
                0x00003264                memcpy
 .text.memset   0x0000330c       0xb0 c:/program files (x86)/gnu arm embedded toolchain/10 2021.10/bin/../lib/gcc/arm-none-eabi/10.3.1/../../../../arm-none-eabi/lib/thumb/nofp/libc.a(lib_a-memset.o)
                0x0000330c                memset
 .text.strcpy   0x000033bc       0x10 c:/program files (x86)/gnu arm embedded toolchain/10 2021.10/bin/../lib/gcc/arm-none-eabi/10.3.1/../../../../arm-none-eabi/lib/thumb/nofp/libc.a(lib_a-strcpy.o)
                0x000033bc                strcpy
 .text.strlen   0x000033cc       0x60 c:/program files (x86)/gnu arm embedded toolchain/10 2021.10/bin/../lib/gcc/arm-none-eabi/10.3.1/../../../../arm-none-eabi/lib/thumb/nofp/libc.a(lib_a-strlen-stub.o)
                0x000033cc                strlen
 *(.rodata*)
 .rodata.str1.4
                0x0000342c      0x2ae gcc/main.o
 *fill*         0x000036da        0x2 
 .rodata.str1.4
                0x000036dc       0x41 gcc/CLI.o
 *fill*         0x0000371d        0x3 
 .rodata.str1.4
                0x00003720       0x17 gcc/tasks.o
 *fill*         0x00003737        0x1 
 .rodata.str1.4
                0x00003738       0x83 gcc/snake_game.o
                                 0x9b (size before relaxing)
                0x000037bb                _etext = .

.glue_7         0x000037bc        0x0
 .glue_7        0x000037bc        0x0 linker stubs

.glue_7t        0x000037bc        0x0
 .glue_7t       0x000037bc        0x0 linker stubs

.vfp11_veneer   0x000037bc        0x0
 .vfp11_veneer  0x000037bc        0x0 linker stubs

.v4_bx          0x000037bc        0x0
 .v4_bx         0x000037bc        0x0 linker stubs

.iplt           0x000037bc        0x0
 .iplt          0x000037bc        0x0 gcc/startup.o

.rel.dyn        0x000037bc        0x0
 .rel.iplt      0x000037bc        0x0 gcc/startup.o

.data           0x20000000       0x14 load address 0x000037bb
                0x20000000                _data = .
 *(vtable)
 *(.data)
 .data          0x20000000        0x4 gcc/tasks.o
                0x20000000                uxTopUsedPriority
 .data          0x20000004        0x4 gcc/port.o
 .data          0x20000008        0xc gcc/snake_game.o
                0x2000000c                score_To_show_enemy
                0x20000010                levelMAXScore
                0x20000014                _edata = .

.igot.plt       0x20000014        0x0 load address 0x000037d0
 .igot.plt      0x20000014        0x0 gcc/startup.o

.bss            0x20000014     0x1a00 load address 0x000037d0
                0x20000014                _bss = .
 *(.bss)
 .bss           0x20000014      0x200 gcc/startup.o
 .bss           0x20000214       0x21 gcc/CLI.o
 *fill*         0x20000235        0x3 
 .bss           0x20000238       0xec gcc/tasks.o
                0x2000023c                pxCurrentTCB
 .bss           0x20000324        0xc gcc/port.o
 .bss           0x20000330     0x1390 gcc/heap_1.o
 .bss           0x200016c0      0x354 gcc/snake_game.o
                0x200016c0                gameOver
                0x200016c1                sankeDirection
                0x200016c4                x_pos
                0x200016c8                y_pos
                0x200016cc                fruitX
                0x200016d0                fruitY
                0x200016d4                EnemyX
                0x200016d8                EnemyY
                0x200016dc                score
                0x200016e0                level
                0x200016e4                totalScore
                0x200016e8                finished
                0x200016ec                sankeLength
                0x200016f0                xMutex
                0x200016f4                SnakeX
                0x20001884                SnakeY
 *(COMMON)
                0x20001a14                _ebss = .
LOAD gcc/startup.o
LOAD gcc/main.o
LOAD gcc/FreeRTOS_CLI.o
LOAD gcc/CLI.o
LOAD gcc/list.o
LOAD gcc/queue.o
LOAD gcc/tasks.o
LOAD gcc/port.o
LOAD gcc/heap_1.o
LOAD gcc/snake_game.o
LOAD gcc/uart.o
LOAD c:/program files (x86)/gnu arm embedded toolchain/10 2021.10/bin/../lib/gcc/arm-none-eabi/10.3.1/../../../../arm-none-eabi/lib/thumb/nofp/libc.a
LOAD c:/program files (x86)/gnu arm embedded toolchain/10 2021.10/bin/../lib/gcc/arm-none-eabi/10.3.1/thumb/nofp/libgcc.a
OUTPUT(gcc/Snake.axf elf32-littlearm)
LOAD linker stubs

.debug_info     0x00000000     0x6b9d
 .debug_info    0x00000000      0x155 gcc/startup.o
 .debug_info    0x00000155      0x41a gcc/main.o
 .debug_info    0x0000056f      0xb6d gcc/CLI.o
 .debug_info    0x000010dc      0x2e0 gcc/list.o
 .debug_info    0x000013bc     0x1a44 gcc/queue.o
 .debug_info    0x00002e00     0x2b36 gcc/tasks.o
 .debug_info    0x00005936      0x482 gcc/port.o
 .debug_info    0x00005db8      0x1d2 gcc/heap_1.o
 .debug_info    0x00005f8a      0x90b gcc/snake_game.o
 .debug_info    0x00006895      0x308 gcc/uart.o

.debug_abbrev   0x00000000     0x14e9
 .debug_abbrev  0x00000000       0xe5 gcc/startup.o
 .debug_abbrev  0x000000e5       0xfa gcc/main.o
 .debug_abbrev  0x000001df      0x36e gcc/CLI.o
 .debug_abbrev  0x0000054d      0x106 gcc/list.o
 .debug_abbrev  0x00000653      0x2fa gcc/queue.o
 .debug_abbrev  0x0000094d      0x3dd gcc/tasks.o
 .debug_abbrev  0x00000d2a      0x260 gcc/port.o
 .debug_abbrev  0x00000f8a      0x133 gcc/heap_1.o
 .debug_abbrev  0x000010bd      0x240 gcc/snake_game.o
 .debug_abbrev  0x000012fd      0x1ec gcc/uart.o

.debug_loc      0x00000000     0x5676
 .debug_loc     0x00000000       0x62 gcc/startup.o
 .debug_loc     0x00000062      0xe46 gcc/CLI.o
 .debug_loc     0x00000ea8       0xa0 gcc/list.o
 .debug_loc     0x00000f48     0x14ea gcc/queue.o
 .debug_loc     0x00002432     0x2a05 gcc/tasks.o
 .debug_loc     0x00004e37      0x1f6 gcc/port.o
 .debug_loc     0x0000502d       0xa3 gcc/heap_1.o
 .debug_loc     0x000050d0      0x2c8 gcc/snake_game.o
 .debug_loc     0x00005398      0x2de gcc/uart.o

.debug_aranges  0x00000000      0x140
 .debug_aranges
                0x00000000       0x20 gcc/startup.o
 .debug_aranges
                0x00000020       0x20 gcc/main.o
 .debug_aranges
                0x00000040       0x20 gcc/CLI.o
 .debug_aranges
                0x00000060       0x20 gcc/list.o
 .debug_aranges
                0x00000080       0x20 gcc/queue.o
 .debug_aranges
                0x000000a0       0x20 gcc/tasks.o
 .debug_aranges
                0x000000c0       0x20 gcc/port.o
 .debug_aranges
                0x000000e0       0x20 gcc/heap_1.o
 .debug_aranges
                0x00000100       0x20 gcc/snake_game.o
 .debug_aranges
                0x00000120       0x20 gcc/uart.o

.debug_line     0x00000000     0x4ded
 .debug_line    0x00000000       0xd3 gcc/startup.o
 .debug_line    0x000000d3      0x1c3 gcc/main.o
 .debug_line    0x00000296      0xa0d gcc/CLI.o
 .debug_line    0x00000ca3      0x2f3 gcc/list.o
 .debug_line    0x00000f96      0xf06 gcc/queue.o
 .debug_line    0x00001e9c     0x1e0f gcc/tasks.o
 .debug_line    0x00003cab      0x48c gcc/port.o
 .debug_line    0x00004137      0x29b gcc/heap_1.o
 .debug_line    0x000043d2      0x6d2 gcc/snake_game.o
 .debug_line    0x00004aa4      0x349 gcc/uart.o

.debug_str      0x00000000     0x1c23
 .debug_str     0x00000000      0x11c gcc/startup.o
                                0x13b (size before relaxing)
 .debug_str     0x0000011c      0x104 gcc/main.o
                                0x1f5 (size before relaxing)
 .debug_str     0x00000220      0x1ba gcc/CLI.o
                                0x328 (size before relaxing)
 .debug_str     0x000003da      0x143 gcc/list.o
                                0x2a1 (size before relaxing)
 .debug_str     0x0000051d      0x6b9 gcc/queue.o
                                0x95a (size before relaxing)
 .debug_str     0x00000bd6      0xcce gcc/tasks.o
                               0x11e3 (size before relaxing)
 .debug_str     0x000018a4      0x185 gcc/port.o
                                0x472 (size before relaxing)
 .debug_str     0x00001a29       0x91 gcc/heap_1.o
                                0x228 (size before relaxing)
 .debug_str     0x00001aba      0x131 gcc/snake_game.o
                                0x327 (size before relaxing)
 .debug_str     0x00001beb       0x38 gcc/uart.o
                                0x1a9 (size before relaxing)

.comment        0x00000000       0x49
 .comment       0x00000000       0x49 gcc/startup.o
                                 0x4a (size before relaxing)
 .comment       0x00000049       0x4a gcc/main.o
 .comment       0x00000049       0x4a gcc/CLI.o
 .comment       0x00000049       0x4a gcc/list.o
 .comment       0x00000049       0x4a gcc/queue.o
 .comment       0x00000049       0x4a gcc/tasks.o
 .comment       0x00000049       0x4a gcc/port.o
 .comment       0x00000049       0x4a gcc/heap_1.o
 .comment       0x00000049       0x4a gcc/snake_game.o
 .comment       0x00000049       0x4a gcc/uart.o

.ARM.attributes
                0x00000000       0x2f
 .ARM.attributes
                0x00000000       0x2d gcc/startup.o
 .ARM.attributes
                0x0000002d       0x2d gcc/main.o
 .ARM.attributes
                0x0000005a       0x2d gcc/CLI.o
 .ARM.attributes
                0x00000087       0x2d gcc/list.o
 .ARM.attributes
                0x000000b4       0x2d gcc/queue.o
 .ARM.attributes
                0x000000e1       0x2d gcc/tasks.o
 .ARM.attributes
                0x0000010e       0x2d gcc/port.o
 .ARM.attributes
                0x0000013b       0x2d gcc/heap_1.o
 .ARM.attributes
                0x00000168       0x2d gcc/snake_game.o
 .ARM.attributes
                0x00000195       0x2d gcc/uart.o
 .ARM.attributes
                0x000001c2       0x2a c:/program files (x86)/gnu arm embedded toolchain/10 2021.10/bin/../lib/gcc/arm-none-eabi/10.3.1/../../../../arm-none-eabi/lib/thumb/nofp/libc.a(lib_a-memcpy-stub.o)
 .ARM.attributes
                0x000001ec       0x2a c:/program files (x86)/gnu arm embedded toolchain/10 2021.10/bin/../lib/gcc/arm-none-eabi/10.3.1/../../../../arm-none-eabi/lib/thumb/nofp/libc.a(lib_a-memset.o)
 .ARM.attributes
                0x00000216       0x2a c:/program files (x86)/gnu arm embedded toolchain/10 2021.10/bin/../lib/gcc/arm-none-eabi/10.3.1/../../../../arm-none-eabi/lib/thumb/nofp/libc.a(lib_a-strcpy.o)
 .ARM.attributes
                0x00000240       0x2a c:/program files (x86)/gnu arm embedded toolchain/10 2021.10/bin/../lib/gcc/arm-none-eabi/10.3.1/../../../../arm-none-eabi/lib/thumb/nofp/libc.a(lib_a-strlen-stub.o)

.debug_frame    0x00000000      0xdd4
 .debug_frame   0x00000000       0x58 gcc/startup.o
 .debug_frame   0x00000058       0x28 gcc/main.o
 .debug_frame   0x00000080      0x198 gcc/CLI.o
 .debug_frame   0x00000218       0x70 gcc/list.o
 .debug_frame   0x00000288      0x2a4 gcc/queue.o
 .debug_frame   0x0000052c      0x55c gcc/tasks.o
 .debug_frame   0x00000a88       0xf4 gcc/port.o
 .debug_frame   0x00000b7c       0x5c gcc/heap_1.o
 .debug_frame   0x00000bd8       0xc4 gcc/snake_game.o
 .debug_frame   0x00000c9c       0x8c gcc/uart.o
 .debug_frame   0x00000d28       0x34 c:/program files (x86)/gnu arm embedded toolchain/10 2021.10/bin/../lib/gcc/arm-none-eabi/10.3.1/../../../../arm-none-eabi/lib/thumb/nofp/libc.a(lib_a-memcpy-stub.o)
 .debug_frame   0x00000d5c       0x30 c:/program files (x86)/gnu arm embedded toolchain/10 2021.10/bin/../lib/gcc/arm-none-eabi/10.3.1/../../../../arm-none-eabi/lib/thumb/nofp/libc.a(lib_a-memset.o)
 .debug_frame   0x00000d8c       0x20 c:/program files (x86)/gnu arm embedded toolchain/10 2021.10/bin/../lib/gcc/arm-none-eabi/10.3.1/../../../../arm-none-eabi/lib/thumb/nofp/libc.a(lib_a-strcpy.o)
 .debug_frame   0x00000dac       0x28 c:/program files (x86)/gnu arm embedded toolchain/10 2021.10/bin/../lib/gcc/arm-none-eabi/10.3.1/../../../../arm-none-eabi/lib/thumb/nofp/libc.a(lib_a-strlen-stub.o)

.debug_ranges   0x00000000      0x3e0
 .debug_ranges  0x00000000       0x80 gcc/CLI.o
 .debug_ranges  0x00000080       0xc0 gcc/queue.o
 .debug_ranges  0x00000140      0x190 gcc/tasks.o
 .debug_ranges  0x000002d0       0xd8 gcc/snake_game.o
 .debug_ranges  0x000003a8       0x38 gcc/uart.o
